Google URL Anomaly: False Confidence: 0.3543
Raw scores: {'features': {'text_length': 22.0, 'url_count': 1.0, 'special_char_ratio': 0.2273, 'caps_ratio': 0.0, 'entropy': 3.6635, 'avg_word_length': 22.0}, 'isolation_forest': 0.5386}
Features: [22.0, 1.0, 0.2273, 0.0, 3.6635, 22.0]
Normal Email Anomaly: False Confidence: 0.0
